[    0.0s] raising MAX_ROUNDS 2000 -> 4000
[    0.0s] run 011_v4_contention -> C:\Users\Priyanshu\OneDrive\Desktop\All_projects\amazon_ml_challenge\runs\011_v4_contention
    [08:50:21] fitting vocabulary on 1,000,000 of 10,320,219 documents
    [08:50:28] vocabulary: 126,018 tokens (max_df=0.01, min_df=3) in 6s
    [08:50:38] India index transform 500,000/4,133,346 (3s elapsed)
    [08:50:41] India index transform 1,000,000/4,133,346 (7s elapsed)
    [08:50:44] India index transform 1,500,000/4,133,346 (10s elapsed)
    [08:50:48] India index transform 2,000,000/4,133,346 (13s elapsed)
    [08:50:51] India index transform 2,500,000/4,133,346 (17s elapsed)
    [08:50:54] India index transform 3,000,000/4,133,346 (20s elapsed)
    [08:50:57] India index transform 3,500,000/4,133,346 (23s elapsed)
    [08:51:00] India index transform 4,000,000/4,133,346 (26s elapsed)
    [08:51:01] India index transform 4,133,346/4,133,346 (27s elapsed)
    [08:51:02] India: scoring 883,188 queries against 4,133,346 records
    [08:51:07] India: 2,000/883,188  (376 q/s, ETA 39.1 min)
    [08:51:33] India: 12,000/883,188  (389 q/s, ETA 37.3 min)
    [08:51:59] India: 22,000/883,188  (387 q/s, ETA 37.0 min)
    [08:52:25] India: 32,000/883,188  (384 q/s, ETA 37.0 min)
    [08:52:52] India: 42,000/883,188  (382 q/s, ETA 36.7 min)
    [08:53:18] India: 52,000/883,188  (381 q/s, ETA 36.4 min)
    [08:53:45] India: 62,000/883,188  (381 q/s, ETA 36.0 min)
    [08:54:11] India: 72,000/883,188  (381 q/s, ETA 35.5 min)
    [08:54:37] India: 82,000/883,188  (381 q/s, ETA 35.0 min)
    [08:55:03] India: 92,000/883,188  (382 q/s, ETA 34.5 min)
    [08:55:29] India: 102,000/883,188  (382 q/s, ETA 34.1 min)
    [08:55:55] India: 112,000/883,188  (383 q/s, ETA 33.6 min)
    [08:56:20] India: 122,000/883,188  (383 q/s, ETA 33.1 min)
    [08:56:46] India: 132,000/883,188  (384 q/s, ETA 32.6 min)
    [08:57:11] India: 142,000/883,188  (384 q/s, ETA 32.1 min)
    [08:57:37] India: 152,000/883,188  (385 q/s, ETA 31.7 min)
    [08:58:03] India: 162,000/883,188  (385 q/s, ETA 31.2 min)
    [08:58:28] India: 172,000/883,188  (386 q/s, ETA 30.7 min)
    [08:58:54] India: 182,000/883,188  (386 q/s, ETA 30.3 min)
    [08:59:19] India: 192,000/883,188  (386 q/s, ETA 29.8 min)
    [08:59:45] India: 202,000/883,188  (386 q/s, ETA 29.4 min)
    [09:00:10] India: 212,000/883,188  (387 q/s, ETA 28.9 min)
    [09:00:35] India: 222,000/883,188  (387 q/s, ETA 28.5 min)
    [09:01:00] India: 232,000/883,188  (388 q/s, ETA 28.0 min)
    [09:01:26] India: 242,000/883,188  (388 q/s, ETA 27.5 min)
    [09:01:51] India: 252,000/883,188  (388 q/s, ETA 27.1 min)
    [09:02:17] India: 262,000/883,188  (388 q/s, ETA 26.7 min)
    [09:02:42] India: 272,000/883,188  (388 q/s, ETA 26.2 min)
    [09:03:08] India: 282,000/883,188  (389 q/s, ETA 25.8 min)
    [09:03:33] India: 292,000/883,188  (389 q/s, ETA 25.3 min)
    [09:03:59] India: 302,000/883,188  (389 q/s, ETA 24.9 min)
    [09:04:24] India: 312,000/883,188  (389 q/s, ETA 24.5 min)
    [09:04:50] India: 322,000/883,188  (389 q/s, ETA 24.0 min)
    [09:05:15] India: 332,000/883,188  (389 q/s, ETA 23.6 min)
    [09:05:41] India: 342,000/883,188  (389 q/s, ETA 23.2 min)
    [09:06:06] India: 352,000/883,188  (389 q/s, ETA 22.7 min)
    [09:06:31] India: 362,000/883,188  (390 q/s, ETA 22.3 min)
    [09:06:57] India: 372,000/883,188  (390 q/s, ETA 21.9 min)
    [09:07:22] India: 382,000/883,188  (390 q/s, ETA 21.4 min)
    [09:07:48] India: 392,000/883,188  (390 q/s, ETA 21.0 min)
    [09:08:14] India: 402,000/883,188  (389 q/s, ETA 20.6 min)
    [09:08:40] India: 412,000/883,188  (389 q/s, ETA 20.2 min)
    [09:09:06] India: 422,000/883,188  (389 q/s, ETA 19.7 min)
    [09:09:32] India: 432,000/883,188  (389 q/s, ETA 19.3 min)
    [09:09:57] India: 442,000/883,188  (389 q/s, ETA 18.9 min)
    [09:10:23] India: 452,000/883,188  (389 q/s, ETA 18.5 min)
    [09:10:48] India: 462,000/883,188  (390 q/s, ETA 18.0 min)
    [09:11:13] India: 472,000/883,188  (390 q/s, ETA 17.6 min)
    [09:11:40] India: 482,000/883,188  (389 q/s, ETA 17.2 min)
    [09:12:05] India: 492,000/883,188  (389 q/s, ETA 16.7 min)
    [09:12:31] India: 502,000/883,188  (390 q/s, ETA 16.3 min)
    [09:12:56] India: 512,000/883,188  (390 q/s, ETA 15.9 min)
    [09:13:22] India: 522,000/883,188  (389 q/s, ETA 15.5 min)
    [09:13:48] India: 532,000/883,188  (389 q/s, ETA 15.0 min)
    [09:14:14] India: 542,000/883,188  (389 q/s, ETA 14.6 min)
    [09:14:40] India: 552,000/883,188  (389 q/s, ETA 14.2 min)
    [09:15:06] India: 562,000/883,188  (389 q/s, ETA 13.8 min)
    [09:15:31] India: 572,000/883,188  (389 q/s, ETA 13.3 min)
    [09:15:57] India: 582,000/883,188  (389 q/s, ETA 12.9 min)
    [09:16:23] India: 592,000/883,188  (389 q/s, ETA 12.5 min)
    [09:16:49] India: 602,000/883,188  (389 q/s, ETA 12.0 min)
    [09:17:15] India: 612,000/883,188  (389 q/s, ETA 11.6 min)
    [09:17:41] India: 622,000/883,188  (389 q/s, ETA 11.2 min)
    [09:18:08] India: 632,000/883,188  (389 q/s, ETA 10.8 min)
    [09:18:34] India: 642,000/883,188  (389 q/s, ETA 10.3 min)
    [09:19:00] India: 652,000/883,188  (389 q/s, ETA 9.9 min)
    [09:19:25] India: 662,000/883,188  (389 q/s, ETA 9.5 min)
    [09:19:58] India: 672,000/883,188  (387 q/s, ETA 9.1 min)
    [09:20:23] India: 682,000/883,188  (387 q/s, ETA 8.7 min)
    [09:20:49] India: 692,000/883,188  (387 q/s, ETA 8.2 min)
    [09:21:15] India: 702,000/883,188  (387 q/s, ETA 7.8 min)
    [09:21:41] India: 712,000/883,188  (387 q/s, ETA 7.4 min)
    [09:22:08] India: 722,000/883,188  (387 q/s, ETA 6.9 min)
    [09:22:35] India: 732,000/883,188  (387 q/s, ETA 6.5 min)
    [09:23:01] India: 742,000/883,188  (387 q/s, ETA 6.1 min)
    [09:23:27] India: 752,000/883,188  (387 q/s, ETA 5.7 min)
    [09:23:54] India: 762,000/883,188  (386 q/s, ETA 5.2 min)
    [09:24:20] India: 772,000/883,188  (386 q/s, ETA 4.8 min)
    [09:24:47] India: 782,000/883,188  (386 q/s, ETA 4.4 min)
    [09:25:13] India: 792,000/883,188  (386 q/s, ETA 3.9 min)
    [09:25:40] India: 802,000/883,188  (386 q/s, ETA 3.5 min)
    [09:26:06] India: 812,000/883,188  (386 q/s, ETA 3.1 min)
    [09:26:33] India: 822,000/883,188  (386 q/s, ETA 2.6 min)
    [09:26:59] India: 832,000/883,188  (386 q/s, ETA 2.2 min)
    [09:27:25] India: 842,000/883,188  (386 q/s, ETA 1.8 min)
    [09:27:52] India: 852,000/883,188  (386 q/s, ETA 1.3 min)
    [09:28:17] India: 862,000/883,188  (386 q/s, ETA 0.9 min)
    [09:28:43] India: 872,000/883,188  (386 q/s, ETA 0.5 min)
    [09:29:08] India: 882,000/883,188  (386 q/s, ETA 0.1 min)
    [09:29:11] India: done in 38.2 min
    [09:29:14] US index transform 500,000/6,186,873 (3s elapsed)
    [09:29:17] US index transform 1,000,000/6,186,873 (5s elapsed)
    [09:29:19] US index transform 1,500,000/6,186,873 (8s elapsed)
    [09:29:22] US index transform 2,000,000/6,186,873 (10s elapsed)
    [09:29:24] US index transform 2,500,000/6,186,873 (13s elapsed)
    [09:29:27] US index transform 3,000,000/6,186,873 (15s elapsed)
    [09:29:30] US index transform 3,500,000/6,186,873 (18s elapsed)
    [09:29:32] US index transform 4,000,000/6,186,873 (20s elapsed)
    [09:29:35] US index transform 4,500,000/6,186,873 (23s elapsed)
    [09:29:38] US index transform 5,000,000/6,186,873 (26s elapsed)
    [09:29:40] US index transform 5,500,000/6,186,873 (28s elapsed)
    [09:29:43] US index transform 6,000,000/6,186,873 (31s elapsed)
    [09:29:44] US index transform 6,186,873/6,186,873 (32s elapsed)
    [09:29:45] US: scoring 1,323,633 queries against 6,186,873 records
    [09:29:48] US: 2,000/1,323,633  (622 q/s, ETA 35.4 min)
    [09:30:04] US: 12,000/1,323,633  (621 q/s, ETA 35.2 min)
    [09:30:21] US: 22,000/1,323,633  (613 q/s, ETA 35.4 min)
    [09:30:37] US: 32,000/1,323,633  (614 q/s, ETA 35.1 min)
    [09:30:53] US: 42,000/1,323,633  (614 q/s, ETA 34.8 min)
    [09:31:09] US: 52,000/1,323,633  (616 q/s, ETA 34.4 min)
    [09:31:25] US: 62,000/1,323,633  (616 q/s, ETA 34.2 min)
    [09:31:42] US: 72,000/1,323,633  (614 q/s, ETA 34.0 min)
    [09:31:58] US: 82,000/1,323,633  (613 q/s, ETA 33.7 min)
    [09:32:15] US: 92,000/1,323,633  (613 q/s, ETA 33.5 min)
    [09:32:31] US: 102,000/1,323,633  (612 q/s, ETA 33.3 min)
    [09:32:48] US: 112,000/1,323,633  (611 q/s, ETA 33.0 min)
    [09:33:05] US: 122,000/1,323,633  (609 q/s, ETA 32.9 min)
    [09:33:22] US: 132,000/1,323,633  (607 q/s, ETA 32.7 min)
    [09:33:39] US: 142,000/1,323,633  (606 q/s, ETA 32.5 min)
    [09:33:56] US: 152,000/1,323,633  (605 q/s, ETA 32.3 min)
    [09:34:12] US: 162,000/1,323,633  (605 q/s, ETA 32.0 min)
    [09:34:29] US: 172,000/1,323,633  (606 q/s, ETA 31.7 min)
    [09:34:45] US: 182,000/1,323,633  (606 q/s, ETA 31.4 min)
    [09:35:02] US: 192,000/1,323,633  (606 q/s, ETA 31.1 min)
    [09:35:18] US: 202,000/1,323,633  (606 q/s, ETA 30.8 min)
    [09:35:34] US: 212,000/1,323,633  (606 q/s, ETA 30.6 min)
    [09:35:51] US: 222,000/1,323,633  (607 q/s, ETA 30.3 min)
    [09:36:07] US: 232,000/1,323,633  (606 q/s, ETA 30.0 min)
    [09:36:24] US: 242,000/1,323,633  (606 q/s, ETA 29.7 min)
    [09:36:40] US: 252,000/1,323,633  (606 q/s, ETA 29.5 min)
    [09:36:56] US: 262,000/1,323,633  (607 q/s, ETA 29.2 min)
    [09:37:13] US: 272,000/1,323,633  (606 q/s, ETA 28.9 min)
    [09:37:30] US: 282,000/1,323,633  (606 q/s, ETA 28.7 min)
    [09:37:48] US: 292,000/1,323,633  (604 q/s, ETA 28.5 min)
    [09:38:05] US: 302,000/1,323,633  (604 q/s, ETA 28.2 min)
    [09:38:22] US: 312,000/1,323,633  (603 q/s, ETA 28.0 min)
    [09:38:38] US: 322,000/1,323,633  (603 q/s, ETA 27.7 min)
    [09:38:55] US: 332,000/1,323,633  (603 q/s, ETA 27.4 min)
    [09:39:12] US: 342,000/1,323,633  (603 q/s, ETA 27.1 min)
    [09:39:28] US: 352,000/1,323,633  (603 q/s, ETA 26.8 min)
    [09:39:44] US: 362,000/1,323,633  (604 q/s, ETA 26.5 min)
    [09:40:01] US: 372,000/1,323,633  (604 q/s, ETA 26.3 min)
    [09:40:17] US: 382,000/1,323,633  (604 q/s, ETA 26.0 min)
    [09:40:34] US: 392,000/1,323,633  (604 q/s, ETA 25.7 min)
    [09:40:50] US: 402,000/1,323,633  (604 q/s, ETA 25.4 min)
    [09:41:07] US: 412,000/1,323,633  (604 q/s, ETA 25.2 min)
    [09:41:23] US: 422,000/1,323,633  (604 q/s, ETA 24.9 min)
    [09:41:40] US: 432,000/1,323,633  (604 q/s, ETA 24.6 min)
    [09:41:56] US: 442,000/1,323,633  (604 q/s, ETA 24.3 min)
    [09:42:13] US: 452,000/1,323,633  (604 q/s, ETA 24.1 min)
    [09:42:30] US: 462,000/1,323,633  (604 q/s, ETA 23.8 min)
    [09:42:46] US: 472,000/1,323,633  (604 q/s, ETA 23.5 min)
    [09:43:02] US: 482,000/1,323,633  (604 q/s, ETA 23.2 min)
    [09:43:19] US: 492,000/1,323,633  (605 q/s, ETA 22.9 min)
    [09:43:35] US: 502,000/1,323,633  (605 q/s, ETA 22.6 min)
    [09:43:51] US: 512,000/1,323,633  (605 q/s, ETA 22.4 min)
    [09:44:08] US: 522,000/1,323,633  (605 q/s, ETA 22.1 min)
    [09:44:25] US: 532,000/1,323,633  (605 q/s, ETA 21.8 min)
    [09:44:42] US: 542,000/1,323,633  (604 q/s, ETA 21.6 min)
    [09:44:58] US: 552,000/1,323,633  (604 q/s, ETA 21.3 min)
    [09:45:15] US: 562,000/1,323,633  (604 q/s, ETA 21.0 min)
    [09:45:31] US: 572,000/1,323,633  (604 q/s, ETA 20.7 min)
    [09:45:48] US: 582,000/1,323,633  (604 q/s, ETA 20.5 min)
    [09:46:06] US: 592,000/1,323,633  (604 q/s, ETA 20.2 min)
    [09:46:22] US: 602,000/1,323,633  (603 q/s, ETA 19.9 min)
    [09:46:39] US: 612,000/1,323,633  (604 q/s, ETA 19.6 min)
    [09:46:55] US: 622,000/1,323,633  (604 q/s, ETA 19.4 min)
    [09:47:11] US: 632,000/1,323,633  (604 q/s, ETA 19.1 min)
    [09:47:27] US: 642,000/1,323,633  (604 q/s, ETA 18.8 min)
    [09:47:43] US: 652,000/1,323,633  (604 q/s, ETA 18.5 min)
    [09:48:00] US: 662,000/1,323,633  (605 q/s, ETA 18.2 min)
    [09:48:16] US: 672,000/1,323,633  (605 q/s, ETA 18.0 min)
    [09:48:33] US: 682,000/1,323,633  (605 q/s, ETA 17.7 min)
    [09:48:49] US: 692,000/1,323,633  (605 q/s, ETA 17.4 min)
    [09:49:05] US: 702,000/1,323,633  (605 q/s, ETA 17.1 min)
    [09:49:22] US: 712,000/1,323,633  (605 q/s, ETA 16.9 min)
    [09:49:38] US: 722,000/1,323,633  (605 q/s, ETA 16.6 min)
    [09:49:55] US: 732,000/1,323,633  (605 q/s, ETA 16.3 min)
    [09:50:11] US: 742,000/1,323,633  (605 q/s, ETA 16.0 min)
    [09:50:27] US: 752,000/1,323,633  (605 q/s, ETA 15.7 min)
    [09:50:44] US: 762,000/1,323,633  (605 q/s, ETA 15.5 min)
    [09:51:00] US: 772,000/1,323,633  (605 q/s, ETA 15.2 min)
    [09:51:18] US: 782,000/1,323,633  (605 q/s, ETA 14.9 min)
    [09:51:35] US: 792,000/1,323,633  (605 q/s, ETA 14.7 min)
    [09:51:52] US: 802,000/1,323,633  (604 q/s, ETA 14.4 min)
    [09:52:09] US: 812,000/1,323,633  (604 q/s, ETA 14.1 min)
    [09:52:26] US: 822,000/1,323,633  (604 q/s, ETA 13.8 min)
    [09:52:43] US: 832,000/1,323,633  (604 q/s, ETA 13.6 min)
    [09:53:00] US: 842,000/1,323,633  (603 q/s, ETA 13.3 min)
    [09:53:17] US: 852,000/1,323,633  (603 q/s, ETA 13.0 min)
    [09:53:34] US: 862,000/1,323,633  (603 q/s, ETA 12.8 min)
    [09:53:51] US: 872,000/1,323,633  (603 q/s, ETA 12.5 min)
    [09:54:07] US: 882,000/1,323,633  (603 q/s, ETA 12.2 min)
    [09:54:24] US: 892,000/1,323,633  (603 q/s, ETA 11.9 min)
    [09:54:40] US: 902,000/1,323,633  (603 q/s, ETA 11.7 min)
    [09:54:56] US: 912,000/1,323,633  (603 q/s, ETA 11.4 min)
    [09:55:12] US: 922,000/1,323,633  (603 q/s, ETA 11.1 min)
    [09:55:29] US: 932,000/1,323,633  (603 q/s, ETA 10.8 min)
    [09:55:45] US: 942,000/1,323,633  (604 q/s, ETA 10.5 min)
    [09:56:03] US: 952,000/1,323,633  (603 q/s, ETA 10.3 min)
    [09:56:20] US: 962,000/1,323,633  (603 q/s, ETA 10.0 min)
    [09:56:36] US: 972,000/1,323,633  (603 q/s, ETA 9.7 min)
    [09:56:52] US: 982,000/1,323,633  (603 q/s, ETA 9.4 min)
    [09:57:08] US: 992,000/1,323,633  (604 q/s, ETA 9.2 min)
    [09:57:24] US: 1,002,000/1,323,633  (604 q/s, ETA 8.9 min)
    [09:57:41] US: 1,012,000/1,323,633  (604 q/s, ETA 8.6 min)
    [09:57:58] US: 1,022,000/1,323,633  (604 q/s, ETA 8.3 min)
    [09:58:15] US: 1,032,000/1,323,633  (604 q/s, ETA 8.1 min)
    [09:58:31] US: 1,042,000/1,323,633  (604 q/s, ETA 7.8 min)
    [09:58:47] US: 1,052,000/1,323,633  (604 q/s, ETA 7.5 min)
    [09:59:04] US: 1,062,000/1,323,633  (604 q/s, ETA 7.2 min)
    [09:59:20] US: 1,072,000/1,323,633  (604 q/s, ETA 6.9 min)
    [09:59:37] US: 1,082,000/1,323,633  (604 q/s, ETA 6.7 min)
    [09:59:53] US: 1,092,000/1,323,633  (604 q/s, ETA 6.4 min)
    [10:00:09] US: 1,102,000/1,323,633  (604 q/s, ETA 6.1 min)
    [10:00:25] US: 1,112,000/1,323,633  (604 q/s, ETA 5.8 min)
    [10:00:42] US: 1,122,000/1,323,633  (604 q/s, ETA 5.6 min)
    [10:00:58] US: 1,132,000/1,323,633  (604 q/s, ETA 5.3 min)
    [10:01:14] US: 1,142,000/1,323,633  (604 q/s, ETA 5.0 min)
    [10:01:30] US: 1,152,000/1,323,633  (604 q/s, ETA 4.7 min)
    [10:01:47] US: 1,162,000/1,323,633  (605 q/s, ETA 4.5 min)
    [10:02:03] US: 1,172,000/1,323,633  (605 q/s, ETA 4.2 min)
    [10:02:19] US: 1,182,000/1,323,633  (605 q/s, ETA 3.9 min)
    [10:02:36] US: 1,192,000/1,323,633  (605 q/s, ETA 3.6 min)
    [10:02:52] US: 1,202,000/1,323,633  (605 q/s, ETA 3.4 min)
    [10:03:08] US: 1,212,000/1,323,633  (605 q/s, ETA 3.1 min)
    [10:03:25] US: 1,222,000/1,323,633  (605 q/s, ETA 2.8 min)
    [10:03:41] US: 1,232,000/1,323,633  (605 q/s, ETA 2.5 min)
    [10:03:57] US: 1,242,000/1,323,633  (605 q/s, ETA 2.2 min)
    [10:04:14] US: 1,252,000/1,323,633  (605 q/s, ETA 2.0 min)
    [10:04:30] US: 1,262,000/1,323,633  (605 q/s, ETA 1.7 min)
    [10:04:46] US: 1,272,000/1,323,633  (605 q/s, ETA 1.4 min)
    [10:05:02] US: 1,282,000/1,323,633  (605 q/s, ETA 1.1 min)
    [10:05:19] US: 1,292,000/1,323,633  (605 q/s, ETA 0.9 min)
    [10:05:35] US: 1,302,000/1,323,633  (605 q/s, ETA 0.6 min)
    [10:05:52] US: 1,312,000/1,323,633  (605 q/s, ETA 0.3 min)
    [10:06:08] US: 1,322,000/1,323,633  (606 q/s, ETA 0.0 min)
    [10:06:11] US: done in 36.4 min
[ 4766.4s] cached candidates -> cands_train_k30_df0.01_mdf3_ctry1_nall.parquet (66,204,198 pairs)
[ 4809.2s] full train frame: 66,204,198 pairs over 2,206,808 entities
[ 4912.1s] sampled subset: 4,499,993 pairs over 150,000 entities
[ 4938.2s] contention: full frame mean n_claims 6.717  (sample-only would be 1.957, test is 5.549)
[ 4945.9s] train: 150,000 entities, 4,499,993 pairs, 492,739 positives, blocking recall 0.9498
[ 5110.3s] features (4499993, 46)
[ 5424.1s] stage 1 fold 0: best_iter 511  F@0.5 train 0.9516 valid 0.9454
[ 5745.6s] stage 1 fold 1: best_iter 641  F@0.5 train 0.9491 valid 0.9459
[ 6057.2s] stage 1 fold 2: best_iter 509  F@0.5 train 0.9508 valid 0.9463
[ 6368.7s] stage 1 fold 3: best_iter 516  F@0.5 train 0.9480 valid 0.9472
[ 6681.3s] stage 1 fold 4: best_iter 528  F@0.5 train 0.9494 valid 0.9454
[ 6890.9s] stage 1: 0.9494
[ 6988.8s] scoring 66,204,198 train pairs in 56 chunks (L 2,206,808, source pool 10,320,219)
[ 7408.5s]   chunk 5/56 rows 4,800,000-6,000,000
[ 7831.1s]   chunk 10/56 rows 10,800,000-12,000,000
[ 8252.1s]   chunk 15/56 rows 16,800,000-18,000,000
[ 8673.0s]   chunk 20/56 rows 22,800,000-24,000,000
[ 9094.1s]   chunk 25/56 rows 28,800,000-30,000,000
