[    0.0s] run v2_20260926_0140 -> runs\007_v2_full
    [01:41:43] fitting vocabulary on 1,000,000 of 10,320,219 documents
    [01:41:51] vocabulary: 126,018 tokens (max_df=0.01, min_df=3) in 8s
    [01:42:00] India index transform 500,000/4,133,346 (4s elapsed)
    [01:42:05] India index transform 1,000,000/4,133,346 (8s elapsed)
    [01:42:09] India index transform 1,500,000/4,133,346 (12s elapsed)
    [01:42:15] India index transform 2,000,000/4,133,346 (19s elapsed)
    [01:42:40] India index transform 2,500,000/4,133,346 (44s elapsed)
    [01:42:44] India index transform 3,000,000/4,133,346 (47s elapsed)
    [01:42:47] India index transform 3,500,000/4,133,346 (51s elapsed)
    [01:42:51] India index transform 4,000,000/4,133,346 (54s elapsed)
    [01:42:51] India index transform 4,133,346/4,133,346 (55s elapsed)
    [01:42:52] India: scoring 59,869 queries against 4,133,346 records
    [01:42:58] India: 2,000/59,869  (359 q/s, ETA 2.7 min)
    [01:43:26] India: 12,000/59,869  (355 q/s, ETA 2.2 min)
    [01:43:54] India: 22,000/59,869  (356 q/s, ETA 1.8 min)
    [01:44:22] India: 32,000/59,869  (357 q/s, ETA 1.3 min)
    [01:44:49] India: 42,000/59,869  (361 q/s, ETA 0.8 min)
    [01:45:16] India: 52,000/59,869  (361 q/s, ETA 0.4 min)
    [01:45:36] India: done in 2.7 min
    [01:45:39] US index transform 500,000/6,186,873 (3s elapsed)
    [01:45:42] US index transform 1,000,000/6,186,873 (5s elapsed)
    [01:45:44] US index transform 1,500,000/6,186,873 (8s elapsed)
    [01:45:47] US index transform 2,000,000/6,186,873 (10s elapsed)
    [01:45:49] US index transform 2,500,000/6,186,873 (13s elapsed)
    [01:45:52] US index transform 3,000,000/6,186,873 (16s elapsed)
    [01:45:55] US index transform 3,500,000/6,186,873 (18s elapsed)
    [01:45:57] US index transform 4,000,000/6,186,873 (21s elapsed)
    [01:46:00] US index transform 4,500,000/6,186,873 (24s elapsed)
    [01:46:03] US index transform 5,000,000/6,186,873 (27s elapsed)
    [01:46:06] US index transform 5,500,000/6,186,873 (29s elapsed)
    [01:46:08] US index transform 6,000,000/6,186,873 (32s elapsed)
    [01:46:09] US index transform 6,186,873/6,186,873 (33s elapsed)
    [01:46:10] US: scoring 90,131 queries against 6,186,873 records
    [01:46:14] US: 2,000/90,131  (581 q/s, ETA 2.5 min)
    [01:46:30] US: 12,000/90,131  (593 q/s, ETA 2.2 min)
    [01:46:47] US: 22,000/90,131  (595 q/s, ETA 1.9 min)
    [01:47:04] US: 32,000/90,131  (599 q/s, ETA 1.6 min)
    [01:47:20] US: 42,000/90,131  (600 q/s, ETA 1.3 min)
    [01:47:37] US: 52,000/90,131  (598 q/s, ETA 1.1 min)
    [01:47:54] US: 62,000/90,131  (599 q/s, ETA 0.8 min)
    [01:48:11] US: 72,000/90,131  (599 q/s, ETA 0.5 min)
    [01:48:27] US: 82,000/90,131  (599 q/s, ETA 0.2 min)
    [01:48:41] US: 90,131/90,131  (599 q/s, ETA 0.0 min)
    [01:48:41] US: done in 2.5 min
[  502.2s] cached candidates -> cands_train_k30_df0.01_mdf3_ctry1_n150000.parquet (4,499,993 pairs)
[  510.1s] train: 150,000 entities, 4,499,993 pairs, 492,739 positives, blocking recall 0.9498
[  651.7s] features (4499993, 46)
[  996.9s] stage 1 fold 0: best_iter 652  F@0.5 train 0.9529 valid 0.9467
[ 1435.6s] stage 1 fold 1: best_iter 2000  F@0.5 train 0.9667 valid 0.9494
[ 1758.0s] stage 1 fold 2: best_iter 506  F@0.5 train 0.9491 valid 0.9454
[ 2088.3s] stage 1 fold 3: best_iter 628  F@0.5 train 0.9517 valid 0.9477
[ 2411.5s] stage 1 fold 4: best_iter 514  F@0.5 train 0.9520 valid 0.9450
[ 2640.8s] stage 1 (v2 features, global threshold): 0.9500
[ 2956.2s] stage 2 fold 0: best_iter 149  F@0.5 train 0.9507 valid 0.9494
[ 3243.6s] stage 2 fold 1: best_iter 171  F@0.5 train 0.9539 valid 0.9522
[ 3531.4s] stage 2 fold 2: best_iter 156  F@0.5 train 0.9535 valid 0.9491
[ 3816.0s] stage 2 fold 3: best_iter 147  F@0.5 train 0.9530 valid 0.9506
[ 4101.7s] stage 2 fold 4: best_iter 163  F@0.5 train 0.9538 valid 0.9474
[ 4312.9s] stage 2 (global threshold): 0.9526
[ 4514.5s] decision layer best: {'assign': 'soft', 'select': 'expected_f', 'thr': nan, 'miss': 0.1, 'f05': 0.9531816304765968}
[ 4526.1s] per country: {'India': 0.9398869493034477, 'US': 0.96201254622318}  predicted singletons 0.063  links/entity 3.14
    [02:57:39] fitting vocabulary on 1,000,000 of 9,969,589 documents
    [02:57:47] vocabulary: 130,638 tokens (max_df=0.01, min_df=3) in 8s
    [02:57:58] France index transform 500,000/1,434,993 (2s elapsed)
    [02:58:01] France index transform 1,000,000/1,434,993 (5s elapsed)
    [02:58:03] France index transform 1,434,993/1,434,993 (7s elapsed)
    [02:58:03] France: scoring 259,452 queries against 1,434,993 records
    [02:58:05] France: 2,000/259,452  (810 q/s, ETA 5.3 min)
    [02:58:15] France: 12,000/259,452  (1,001 q/s, ETA 4.1 min)
    [02:58:25] France: 22,000/259,452  (1,016 q/s, ETA 3.9 min)
    [02:58:35] France: 32,000/259,452  (1,011 q/s, ETA 3.7 min)
    [02:58:44] France: 42,000/259,452  (1,021 q/s, ETA 3.5 min)
    [02:58:54] France: 52,000/259,452  (1,010 q/s, ETA 3.4 min)
    [02:59:04] France: 62,000/259,452  (1,011 q/s, ETA 3.3 min)
    [02:59:14] France: 72,000/259,452  (1,019 q/s, ETA 3.1 min)
    [02:59:23] France: 82,000/259,452  (1,027 q/s, ETA 2.9 min)
    [02:59:32] France: 92,000/259,452  (1,030 q/s, ETA 2.7 min)
    [02:59:42] France: 102,000/259,452  (1,031 q/s, ETA 2.5 min)
    [02:59:51] France: 112,000/259,452  (1,034 q/s, ETA 2.4 min)
    [03:00:00] France: 122,000/259,452  (1,038 q/s, ETA 2.2 min)
    [03:00:10] France: 132,000/259,452  (1,042 q/s, ETA 2.0 min)
    [03:00:19] France: 142,000/259,452  (1,046 q/s, ETA 1.9 min)
    [03:00:28] France: 152,000/259,452  (1,048 q/s, ETA 1.7 min)
    [03:00:37] France: 162,000/259,452  (1,050 q/s, ETA 1.5 min)
    [03:00:46] France: 172,000/259,452  (1,053 q/s, ETA 1.4 min)
    [03:00:55] France: 182,000/259,452  (1,055 q/s, ETA 1.2 min)
    [03:01:05] France: 192,000/259,452  (1,057 q/s, ETA 1.1 min)
    [03:01:14] France: 202,000/259,452  (1,059 q/s, ETA 0.9 min)
    [03:01:23] France: 212,000/259,452  (1,061 q/s, ETA 0.7 min)
    [03:01:32] France: 222,000/259,452  (1,062 q/s, ETA 0.6 min)
    [03:01:41] France: 232,000/259,452  (1,064 q/s, ETA 0.4 min)
    [03:01:50] France: 242,000/259,452  (1,065 q/s, ETA 0.3 min)
    [03:01:59] France: 252,000/259,452  (1,066 q/s, ETA 0.1 min)
    [03:02:06] France: done in 4.1 min
    [03:02:10] India index transform 500,000/4,717,565 (4s elapsed)
    [03:02:14] India index transform 1,000,000/4,717,565 (8s elapsed)
    [03:02:18] India index transform 1,500,000/4,717,565 (11s elapsed)
    [03:02:21] India index transform 2,000,000/4,717,565 (15s elapsed)
    [03:02:25] India index transform 2,500,000/4,717,565 (18s elapsed)
    [03:02:28] India index transform 3,000,000/4,717,565 (22s elapsed)
    [03:02:32] India index transform 3,500,000/4,717,565 (25s elapsed)
    [03:02:35] India index transform 4,000,000/4,717,565 (29s elapsed)
    [03:02:39] India index transform 4,500,000/4,717,565 (32s elapsed)
    [03:02:40] India index transform 4,717,565/4,717,565 (34s elapsed)
    [03:02:41] India: scoring 809,986 queries against 4,717,565 records
    [03:02:46] India: 2,000/809,986  (389 q/s, ETA 34.6 min)
    [03:03:11] India: 12,000/809,986  (395 q/s, ETA 33.7 min)
    [03:03:36] India: 22,000/809,986  (399 q/s, ETA 32.9 min)
    [03:04:01] India: 32,000/809,986  (400 q/s, ETA 32.4 min)
    [03:04:26] India: 42,000/809,986  (400 q/s, ETA 32.0 min)
    [03:04:51] India: 52,000/809,986  (399 q/s, ETA 31.6 min)
    [03:05:16] India: 62,000/809,986  (399 q/s, ETA 31.2 min)
    [03:05:41] India: 72,000/809,986  (400 q/s, ETA 30.7 min)
    [03:06:06] India: 82,000/809,986  (400 q/s, ETA 30.3 min)
    [03:06:31] India: 92,000/809,986  (399 q/s, ETA 30.0 min)
    [03:06:56] India: 102,000/809,986  (400 q/s, ETA 29.5 min)
    [03:07:21] India: 112,000/809,986  (400 q/s, ETA 29.1 min)
    [03:07:46] India: 122,000/809,986  (399 q/s, ETA 28.7 min)
    [03:08:11] India: 132,000/809,986  (399 q/s, ETA 28.3 min)
    [03:08:37] India: 142,000/809,986  (399 q/s, ETA 27.9 min)
    [03:09:02] India: 152,000/809,986  (399 q/s, ETA 27.5 min)
    [03:09:27] India: 162,000/809,986  (399 q/s, ETA 27.1 min)
    [03:09:51] India: 172,000/809,986  (399 q/s, ETA 26.6 min)
    [03:10:17] India: 182,000/809,986  (399 q/s, ETA 26.2 min)
    [03:10:42] India: 192,000/809,986  (399 q/s, ETA 25.8 min)
    [03:11:07] India: 202,000/809,986  (399 q/s, ETA 25.4 min)
    [03:11:31] India: 212,000/809,986  (399 q/s, ETA 25.0 min)
    [03:11:56] India: 222,000/809,986  (400 q/s, ETA 24.5 min)
    [03:12:21] India: 232,000/809,986  (400 q/s, ETA 24.1 min)
    [03:12:47] India: 242,000/809,986  (399 q/s, ETA 23.7 min)
    [03:13:11] India: 252,000/809,986  (400 q/s, ETA 23.3 min)
    [03:13:36] India: 262,000/809,986  (400 q/s, ETA 22.9 min)
    [03:14:02] India: 272,000/809,986  (400 q/s, ETA 22.4 min)
    [03:14:27] India: 282,000/809,986  (399 q/s, ETA 22.1 min)
    [03:14:52] India: 292,000/809,986  (399 q/s, ETA 21.6 min)
    [03:15:17] India: 302,000/809,986  (399 q/s, ETA 21.2 min)
    [03:15:42] India: 312,000/809,986  (399 q/s, ETA 20.8 min)
    [03:16:08] India: 322,000/809,986  (399 q/s, ETA 20.4 min)
    [03:16:33] India: 332,000/809,986  (399 q/s, ETA 20.0 min)
    [03:16:58] India: 342,000/809,986  (399 q/s, ETA 19.5 min)
    [03:17:23] India: 352,000/809,986  (399 q/s, ETA 19.1 min)
    [03:17:49] India: 362,000/809,986  (399 q/s, ETA 18.7 min)
    [03:18:14] India: 372,000/809,986  (399 q/s, ETA 18.3 min)
    [03:18:39] India: 382,000/809,986  (399 q/s, ETA 17.9 min)
    [03:19:04] India: 392,000/809,986  (399 q/s, ETA 17.5 min)
    [03:19:29] India: 402,000/809,986  (399 q/s, ETA 17.1 min)
    [03:19:54] India: 412,000/809,986  (399 q/s, ETA 16.6 min)
    [03:20:19] India: 422,000/809,986  (399 q/s, ETA 16.2 min)
    [03:20:45] India: 432,000/809,986  (399 q/s, ETA 15.8 min)
    [03:21:10] India: 442,000/809,986  (399 q/s, ETA 15.4 min)
    [03:21:36] India: 452,000/809,986  (398 q/s, ETA 15.0 min)
    [03:22:01] India: 462,000/809,986  (398 q/s, ETA 14.6 min)
    [03:22:26] India: 472,000/809,986  (398 q/s, ETA 14.1 min)
    [03:22:52] India: 482,000/809,986  (398 q/s, ETA 13.7 min)
    [03:23:18] India: 492,000/809,986  (398 q/s, ETA 13.3 min)
    [03:23:43] India: 502,000/809,986  (398 q/s, ETA 12.9 min)
    [03:24:08] India: 512,000/809,986  (398 q/s, ETA 12.5 min)
    [03:24:33] India: 522,000/809,986  (398 q/s, ETA 12.1 min)
    [03:24:59] India: 532,000/809,986  (398 q/s, ETA 11.7 min)
    [03:25:24] India: 542,000/809,986  (398 q/s, ETA 11.2 min)
    [03:25:49] India: 552,000/809,986  (398 q/s, ETA 10.8 min)
    [03:26:14] India: 562,000/809,986  (398 q/s, ETA 10.4 min)
    [03:26:39] India: 572,000/809,986  (398 q/s, ETA 10.0 min)
    [03:27:05] India: 582,000/809,986  (398 q/s, ETA 9.6 min)
    [03:27:30] India: 592,000/809,986  (397 q/s, ETA 9.1 min)
    [03:27:56] India: 602,000/809,986  (397 q/s, ETA 8.7 min)
    [03:28:21] India: 612,000/809,986  (397 q/s, ETA 8.3 min)
    [03:28:46] India: 622,000/809,986  (397 q/s, ETA 7.9 min)
    [03:29:12] India: 632,000/809,986  (397 q/s, ETA 7.5 min)
    [03:29:39] India: 642,000/809,986  (397 q/s, ETA 7.1 min)
    [03:30:04] India: 652,000/809,986  (397 q/s, ETA 6.6 min)
    [03:30:29] India: 662,000/809,986  (397 q/s, ETA 6.2 min)
    [03:30:54] India: 672,000/809,986  (397 q/s, ETA 5.8 min)
    [03:31:19] India: 682,000/809,986  (397 q/s, ETA 5.4 min)
    [03:31:44] India: 692,000/809,986  (397 q/s, ETA 5.0 min)
    [03:32:09] India: 702,000/809,986  (397 q/s, ETA 4.5 min)
    [03:32:34] India: 712,000/809,986  (397 q/s, ETA 4.1 min)
    [03:32:59] India: 722,000/809,986  (397 q/s, ETA 3.7 min)
    [03:33:24] India: 732,000/809,986  (397 q/s, ETA 3.3 min)
    [03:33:50] India: 742,000/809,986  (397 q/s, ETA 2.9 min)
    [03:34:15] India: 752,000/809,986  (397 q/s, ETA 2.4 min)
    [03:34:40] India: 762,000/809,986  (397 q/s, ETA 2.0 min)
    [03:35:05] India: 772,000/809,986  (397 q/s, ETA 1.6 min)
    [03:35:31] India: 782,000/809,986  (397 q/s, ETA 1.2 min)
    [03:35:56] India: 792,000/809,986  (397 q/s, ETA 0.8 min)
    [03:36:21] India: 802,000/809,986  (397 q/s, ETA 0.3 min)
    [03:36:42] India: done in 34.0 min
    [03:36:45] US index transform 500,000/3,817,031 (3s elapsed)
    [03:36:48] US index transform 1,000,000/3,817,031 (6s elapsed)
    [03:36:51] US index transform 1,500,000/3,817,031 (9s elapsed)
    [03:36:54] US index transform 2,000,000/3,817,031 (11s elapsed)
    [03:36:56] US index transform 2,500,000/3,817,031 (14s elapsed)
    [03:36:59] US index transform 3,000,000/3,817,031 (17s elapsed)
    [03:37:02] US index transform 3,500,000/3,817,031 (20s elapsed)
    [03:37:04] US index transform 3,817,031/3,817,031 (22s elapsed)
    [03:37:04] US: scoring 663,106 queries against 3,817,031 records
    [03:37:07] US: 2,000/663,106  (806 q/s, ETA 13.7 min)
    [03:37:19] US: 12,000/663,106  (815 q/s, ETA 13.3 min)
    [03:37:31] US: 22,000/663,106  (820 q/s, ETA 13.0 min)
    [03:37:44] US: 32,000/663,106  (812 q/s, ETA 13.0 min)
    [03:37:56] US: 42,000/663,106  (812 q/s, ETA 12.7 min)
    [03:38:08] US: 52,000/663,106  (812 q/s, ETA 12.5 min)
    [03:38:21] US: 62,000/663,106  (812 q/s, ETA 12.3 min)
    [03:38:33] US: 72,000/663,106  (811 q/s, ETA 12.1 min)
    [03:38:47] US: 82,000/663,106  (802 q/s, ETA 12.1 min)
    [03:38:59] US: 92,000/663,106  (803 q/s, ETA 11.8 min)
    [03:39:11] US: 102,000/663,106  (802 q/s, ETA 11.7 min)
    [03:39:24] US: 112,000/663,106  (800 q/s, ETA 11.5 min)
    [03:39:37] US: 122,000/663,106  (800 q/s, ETA 11.3 min)
    [03:39:50] US: 132,000/663,106  (799 q/s, ETA 11.1 min)
    [03:40:02] US: 142,000/663,106  (798 q/s, ETA 10.9 min)
    [03:40:16] US: 152,000/663,106  (794 q/s, ETA 10.7 min)
    [03:40:29] US: 162,000/663,106  (791 q/s, ETA 10.6 min)
    [03:40:42] US: 172,000/663,106  (791 q/s, ETA 10.3 min)
    [03:40:54] US: 182,000/663,106  (792 q/s, ETA 10.1 min)
    [03:41:06] US: 192,000/663,106  (793 q/s, ETA 9.9 min)
    [03:41:19] US: 202,000/663,106  (795 q/s, ETA 9.7 min)
    [03:41:31] US: 212,000/663,106  (796 q/s, ETA 9.4 min)
    [03:41:43] US: 222,000/663,106  (797 q/s, ETA 9.2 min)
    [03:41:55] US: 232,000/663,106  (799 q/s, ETA 9.0 min)
    [03:42:07] US: 242,000/663,106  (799 q/s, ETA 8.8 min)
    [03:42:19] US: 252,000/663,106  (800 q/s, ETA 8.6 min)
    [03:42:32] US: 262,000/663,106  (801 q/s, ETA 8.4 min)
    [03:42:44] US: 272,000/663,106  (801 q/s, ETA 8.1 min)
    [03:42:56] US: 282,000/663,106  (801 q/s, ETA 7.9 min)
    [03:43:09] US: 292,000/663,106  (802 q/s, ETA 7.7 min)
    [03:43:21] US: 302,000/663,106  (802 q/s, ETA 7.5 min)
    [03:43:33] US: 312,000/663,106  (803 q/s, ETA 7.3 min)
    [03:43:45] US: 322,000/663,106  (803 q/s, ETA 7.1 min)
    [03:43:57] US: 332,000/663,106  (804 q/s, ETA 6.9 min)
    [03:44:10] US: 342,000/663,106  (804 q/s, ETA 6.7 min)
    [03:44:22] US: 352,000/663,106  (804 q/s, ETA 6.4 min)
    [03:44:34] US: 362,000/663,106  (805 q/s, ETA 6.2 min)
    [03:44:47] US: 372,000/663,106  (805 q/s, ETA 6.0 min)
    [03:44:59] US: 382,000/663,106  (805 q/s, ETA 5.8 min)
    [03:45:11] US: 392,000/663,106  (805 q/s, ETA 5.6 min)
    [03:45:24] US: 402,000/663,106  (805 q/s, ETA 5.4 min)
    [03:45:36] US: 412,000/663,106  (805 q/s, ETA 5.2 min)
    [03:45:49] US: 422,000/663,106  (805 q/s, ETA 5.0 min)
    [03:46:01] US: 432,000/663,106  (805 q/s, ETA 4.8 min)
    [03:46:14] US: 442,000/663,106  (805 q/s, ETA 4.6 min)
    [03:46:26] US: 452,000/663,106  (805 q/s, ETA 4.4 min)
    [03:46:38] US: 462,000/663,106  (805 q/s, ETA 4.2 min)
    [03:46:51] US: 472,000/663,106  (805 q/s, ETA 4.0 min)
    [03:47:03] US: 482,000/663,106  (805 q/s, ETA 3.8 min)
    [03:47:16] US: 492,000/663,106  (805 q/s, ETA 3.5 min)
    [03:47:28] US: 502,000/663,106  (805 q/s, ETA 3.3 min)
    [03:47:41] US: 512,000/663,106  (804 q/s, ETA 3.1 min)
    [03:47:54] US: 522,000/663,106  (803 q/s, ETA 2.9 min)
    [03:48:07] US: 532,000/663,106  (803 q/s, ETA 2.7 min)
    [03:48:19] US: 542,000/663,106  (803 q/s, ETA 2.5 min)
    [03:48:32] US: 552,000/663,106  (803 q/s, ETA 2.3 min)
    [03:48:45] US: 562,000/663,106  (803 q/s, ETA 2.1 min)
    [03:48:57] US: 572,000/663,106  (802 q/s, ETA 1.9 min)
    [03:49:10] US: 582,000/663,106  (802 q/s, ETA 1.7 min)
    [03:49:22] US: 592,000/663,106  (802 q/s, ETA 1.5 min)
    [03:49:35] US: 602,000/663,106  (802 q/s, ETA 1.3 min)
    [03:49:47] US: 612,000/663,106  (802 q/s, ETA 1.1 min)
    [03:50:00] US: 622,000/663,106  (802 q/s, ETA 0.9 min)
    [03:50:12] US: 632,000/663,106  (802 q/s, ETA 0.6 min)
    [03:50:27] US: 642,000/663,106  (800 q/s, ETA 0.4 min)
    [03:50:39] US: 652,000/663,106  (800 q/s, ETA 0.2 min)
    [03:50:52] US: 662,000/663,106  (800 q/s, ETA 0.0 min)
    [03:50:53] US: done in 13.8 min
[ 7887.8s] cached candidates -> cands_test_k30_df0.01_mdf3_ctry1_nall.parquet (51,974,499 pairs)
Exception in thread Thread-19 (_handle_workers):
Traceback (most recent call last):
  File "C:\Program Files\Python312\Lib\threading.py", line 1075, in _bootstrap_inner
    self.run()
  File "C:\Program Files\Python312\Lib\threading.py", line 1012, in run
    self._target(*self._args, **self._kwargs)
  File "C:\Program Files\Python312\Lib\multiprocessing\pool.py", line 516, in _handle_workers
    cls._maintain_pool(ctx, Process, processes, pool, inqueue,
  File "C:\Program Files\Python312\Lib\multiprocessing\pool.py", line 340, in _maintain_pool
    Pool._repopulate_pool_static(ctx, Process, processes, pool,
  File "C:\Program Files\Python312\Lib\multiprocessing\pool.py", line 329, in _repopulate_pool_static
    w.start()
  File "C:\Program Files\Python312\Lib\multiprocessing\process.py", line 121, in start
    self._popen = self._Popen(self)
                  ^^^^^^^^^^^^^^^^^
  File "C:\Program Files\Python312\Lib\multiprocessing\context.py", line 337, in _Popen
    return Popen(process_obj)
           ^^^^^^^^^^^^^^^^^^
  File "C:\Program Files\Python312\Lib\multiprocessing\popen_spawn_win32.py", line 95, in __init__
    reduction.dump(process_obj, to_child)
  File "C:\Program Files\Python312\Lib\multiprocessing\reduction.py", line 60, in dump
    ForkingPickler(file, protocol).dump(obj)
  File "C:\Program Files\Python312\Lib\multiprocessing\synchronize.py", line 104, in __getstate__
    h = context.get_spawning_popen().duplicate_for_child(sl.handle)
        ^^^^^^^^^^^^^^^^^^^^^^^^^^^^^^^^^^^^^^^^^^^^^^^^^^^^^^^^^^^
  File "C:\Program Files\Python312\Lib\multiprocessing\popen_spawn_win32.py", line 101, in duplicate_for_child
    return reduction.duplicate(handle, self.sentinel)
           ^^^^^^^^^^^^^^^^^^^^^^^^^^^^^^^^^^^^^^^^^^
  File "C:\Program Files\Python312\Lib\multiprocessing\reduction.py", line 79, in duplicate
    return _winapi.DuplicateHandle(
           ^^^^^^^^^^^^^^^^^^^^^^^^
PermissionError: [WinError 5] Access is denied
